2026-09-08 17:51:30,193 [PID 5160] INFO No binary specified, looking for `pyre.bin` in PATH
2026-09-08 17:51:30,194 [PID 5160] INFO Pyre binary is located at `/tmp/pyre-test-venv/bin/pyre.bin`
2026-09-08 17:51:30,194 [PID 5160] INFO Could not determine the number of Pyre workers from configuration. Auto-set the value to 1.
2026-09-08 17:51:30,194 [PID 5160] INFO Consider setting the `--sequential` flag instead when the number of parallel workers is not greater than 1.
2026-09-08 17:51:30,194 [PID 5160] INFO No typeshed specified, looking for it...
2026-09-08 17:51:30,195 [PID 5160] INFO Found: `/tmp/pyre-test-venv/lib/pyre_check/typeshed`
2026-09-08 17:51:30,195 [PID 5160] INFO Writing arguments into /tmp/pyre_arguments_62a9t8oe.json...
2026-09-08 17:51:30,195 [PID 5160] DEBUG Arguments:
{
  "source_paths": {
    "kind": "simple",
    "paths": [
      "/home/runner/work/Millennium-Dawn-OEM/Millennium-Dawn-OEM"
    ]
  },
  "search_paths": [
    "/tmp/pyre-test-venv/lib/pyre_check/typeshed/stdlib",
    "/tmp/pyre-test-venv/lib/pyre_check/typeshed/stubs/ExifRead",
    "/tmp/pyre-test-venv/lib/pyre_check/typeshed/stubs/PyMySQL",
    "/tmp/pyre-test-venv/lib/pyre_check/typeshed/stubs/PyYAML",
    "/tmp/pyre-test-venv/lib/pyre_check/typeshed/stubs/aiofiles",
    "/tmp/pyre-test-venv/lib/pyre_check/typeshed/stubs/chevron",
    "/tmp/pyre-test-venv/lib/pyre_check/typeshed/stubs/colorama",
    "/tmp/pyre-test-venv/lib/pyre_check/typeshed/stubs/ldap3",
    "/tmp/pyre-test-venv/lib/pyre_check/typeshed/stubs/mysqlclient",
    "/tmp/pyre-test-venv/lib/pyre_check/typeshed/stubs/paramiko",
    "/tmp/pyre-test-venv/lib/pyre_check/typeshed/stubs/psycopg2",
    "/tmp/pyre-test-venv/lib/pyre_check/typeshed/stubs/pycurl",
    "/tmp/pyre-test-venv/lib/pyre_check/typeshed/stubs/python-dateutil",
    "/tmp/pyre-test-venv/lib/pyre_check/typeshed/stubs/pytz",
    "/tmp/pyre-test-venv/lib/pyre_check/typeshed/stubs/regex",
    "/tmp/pyre-test-venv/lib/pyre_check/typeshed/stubs/requests",
    "/tmp/pyre-test-venv/lib/pyre_check/typeshed/stubs/retry",
    "/tmp/pyre-test-venv/lib/pyre_check/typeshed/stubs/tqdm",
    "/tmp/pyre-test-venv/lib/pyre_check/typeshed/stubs/ujson"
  ],
  "excludes": [],
  "checked_directory_allowlist": [
    "/home/runner/work/Millennium-Dawn-OEM/Millennium-Dawn-OEM"
  ],
  "checked_directory_blocklist": [],
  "extensions": [],
  "log_path": "/home/runner/work/Millennium-Dawn-OEM/Millennium-Dawn-OEM/.pyre",
  "global_root": "/home/runner/work/Millennium-Dawn-OEM/Millennium-Dawn-OEM",
  "debug": false,
  "python_version": {
    "major": 3,
    "minor": 12,
    "micro": 3
  },
  "system_platform": "linux",
  "shared_memory": {},
  "parallel": true,
  "number_of_workers": 1,
  "additional_logging_sections": [
    "-progress"
  ],
  "show_error_traces": false,
  "strict": false
}
2026-09-08 17:51:30,216 [PID 5160] PERFORMANCE  Initialized shared memory (heap size: 8589934592, dep table pow: 1, hash table pow: 26): 0.001s
2026-09-08 17:51:30,216 [PID 5160] PERFORMANCE  Initialized multiprocessing workers (workers: 1): 0.000s
2026-09-08 17:51:30,217 [PID 5160] INFO  Building module tracker...
2026-09-08 17:51:30,612 [PID 5160] PERFORMANCE  Module tracker built: 0.398s
2026-09-08 17:51:30,612 [PID 5160] PERFORMANCE  Full environment built: 0.398s
2026-09-08 17:51:30,612 [PID 5160] INFO  Collecting all definitions...
2026-09-08 17:51:34,623 [PID 5160] PERFORMANCE  Collected definitions (defines: 9054): 4.007s
2026-09-08 17:51:34,623 [PID 5160] INFO  Checking 9054 functions...
2026-09-08 17:51:52,505 [PID 5160] PERFORMANCE  Check_TypeCheck: 17.880s
2026-09-08 17:51:52,505 [PID 5160] MEMORY  Shared memory size post-typecheck (size: 34)
2026-09-08 17:51:53,103 [PID 5160] PERFORMANCE  Check_Postprocessing: 0.594s
2026-09-08 17:51:53,103 [PID 5160] PERFORMANCE  Check (request kind: FullCheck): 22.881s
2026-09-08 17:51:53,180 [PID 5160] ERROR Found 1271 type errors!
2026-09-08 17:52:05,569 [PID 5273] INFO No binary specified, looking for `pyre.bin` in PATH
2026-09-08 17:52:05,569 [PID 5273] INFO Pyre binary is located at `/tmp/pyre-test-venv/bin/pyre.bin`
2026-09-08 17:52:05,569 [PID 5273] INFO Could not determine the number of Pyre workers from configuration. Auto-set the value to 1.
2026-09-08 17:52:05,570 [PID 5273] INFO Consider setting the `--sequential` flag instead when the number of parallel workers is not greater than 1.
2026-09-08 17:52:05,570 [PID 5273] INFO No typeshed specified, looking for it...
2026-09-08 17:52:05,570 [PID 5273] INFO Found: `/tmp/pyre-test-venv/lib/pyre_check/typeshed`
2026-09-08 17:52:05,570 [PID 5273] INFO Writing arguments into /tmp/pyre_arguments_pw6qpvh_.json...
2026-09-08 17:52:05,571 [PID 5273] DEBUG Arguments:
{
  "source_paths": {
    "kind": "simple",
    "paths": [
      "/home/runner/work/Millennium-Dawn-OEM/Millennium-Dawn-OEM/tools/report_lib"
    ]
  },
  "search_paths": [
    "/tmp/pyre-test-venv/lib/pyre_check/typeshed/stdlib",
    "/tmp/pyre-test-venv/lib/pyre_check/typeshed/stubs/ExifRead",
    "/tmp/pyre-test-venv/lib/pyre_check/typeshed/stubs/PyMySQL",
    "/tmp/pyre-test-venv/lib/pyre_check/typeshed/stubs/PyYAML",
    "/tmp/pyre-test-venv/lib/pyre_check/typeshed/stubs/aiofiles",
    "/tmp/pyre-test-venv/lib/pyre_check/typeshed/stubs/chevron",
    "/tmp/pyre-test-venv/lib/pyre_check/typeshed/stubs/colorama",
    "/tmp/pyre-test-venv/lib/pyre_check/typeshed/stubs/ldap3",
    "/tmp/pyre-test-venv/lib/pyre_check/typeshed/stubs/mysqlclient",
    "/tmp/pyre-test-venv/lib/pyre_check/typeshed/stubs/paramiko",
    "/tmp/pyre-test-venv/lib/pyre_check/typeshed/stubs/psycopg2",
    "/tmp/pyre-test-venv/lib/pyre_check/typeshed/stubs/pycurl",
    "/tmp/pyre-test-venv/lib/pyre_check/typeshed/stubs/python-dateutil",
    "/tmp/pyre-test-venv/lib/pyre_check/typeshed/stubs/pytz",
    "/tmp/pyre-test-venv/lib/pyre_check/typeshed/stubs/regex",
    "/tmp/pyre-test-venv/lib/pyre_check/typeshed/stubs/requests",
    "/tmp/pyre-test-venv/lib/pyre_check/typeshed/stubs/retry",
    "/tmp/pyre-test-venv/lib/pyre_check/typeshed/stubs/tqdm",
    "/tmp/pyre-test-venv/lib/pyre_check/typeshed/stubs/ujson"
  ],
  "excludes": [],
  "checked_directory_allowlist": [
    "/home/runner/work/Millennium-Dawn-OEM/Millennium-Dawn-OEM/tools/report_lib"
  ],
  "checked_directory_blocklist": [],
  "extensions": [],
  "log_path": "/home/runner/work/Millennium-Dawn-OEM/Millennium-Dawn-OEM/.pyre",
  "global_root": "/home/runner/work/Millennium-Dawn-OEM/Millennium-Dawn-OEM",
  "debug": false,
  "python_version": {
    "major": 3,
    "minor": 12,
    "micro": 3
  },
  "system_platform": "linux",
  "shared_memory": {},
  "parallel": true,
  "number_of_workers": 1,
  "additional_logging_sections": [
    "-progress"
  ],
  "show_error_traces": false,
  "strict": false
}
2026-09-08 17:52:05,592 [PID 5273] PERFORMANCE  Initialized shared memory (heap size: 8589934592, dep table pow: 1, hash table pow: 26): 0.001s
2026-09-08 17:52:05,592 [PID 5273] PERFORMANCE  Initialized multiprocessing workers (workers: 1): 0.000s
2026-09-08 17:52:05,592 [PID 5273] INFO  Building module tracker...
2026-09-08 17:52:05,622 [PID 5273] PERFORMANCE  Module tracker built: 0.025s
2026-09-08 17:52:05,622 [PID 5273] PERFORMANCE  Full environment built: 0.025s
2026-09-08 17:52:05,622 [PID 5273] INFO  Collecting all definitions...
2026-09-08 17:52:05,723 [PID 5273] PERFORMANCE  Collected definitions (defines: 79): 0.101s
2026-09-08 17:52:05,724 [PID 5273] INFO  Checking 79 functions...
2026-09-08 17:52:06,433 [PID 5273] PERFORMANCE  Check_TypeCheck: 0.709s
2026-09-08 17:52:06,433 [PID 5273] MEMORY  Shared memory size post-typecheck (size: 1)
2026-09-08 17:52:06,463 [PID 5273] PERFORMANCE  Check_Postprocessing: 0.038s
2026-09-08 17:52:06,464 [PID 5273] PERFORMANCE  Check (request kind: FullCheck): 0.875s
2026-09-08 17:52:06,474 [PID 5273] ERROR Found 2 type errors!
2026-09-08 17:52:11,213 [PID 5281] INFO No binary specified, looking for `pyre.bin` in PATH
2026-09-08 17:52:11,213 [PID 5281] INFO Pyre binary is located at `/tmp/pyre-test-venv/bin/pyre.bin`
2026-09-08 17:52:11,213 [PID 5281] INFO Could not determine the number of Pyre workers from configuration. Auto-set the value to 1.
2026-09-08 17:52:11,213 [PID 5281] INFO Consider setting the `--sequential` flag instead when the number of parallel workers is not greater than 1.
2026-09-08 17:52:11,213 [PID 5281] INFO No typeshed specified, looking for it...
2026-09-08 17:52:11,213 [PID 5281] INFO Found: `/tmp/pyre-test-venv/lib/pyre_check/typeshed`
2026-09-08 17:52:11,214 [PID 5281] INFO Writing arguments into /tmp/pyre_arguments_c8ze3a56.json...
2026-09-08 17:52:11,214 [PID 5281] DEBUG Arguments:
{
  "source_paths": {
    "kind": "simple",
    "paths": [
      "/home/runner/work/Millennium-Dawn-OEM/Millennium-Dawn-OEM/tools/shared_utils.py"
    ]
  },
  "search_paths": [
    "/tmp/pyre-test-venv/lib/pyre_check/typeshed/stdlib",
    "/tmp/pyre-test-venv/lib/pyre_check/typeshed/stubs/ExifRead",
    "/tmp/pyre-test-venv/lib/pyre_check/typeshed/stubs/PyMySQL",
    "/tmp/pyre-test-venv/lib/pyre_check/typeshed/stubs/PyYAML",
    "/tmp/pyre-test-venv/lib/pyre_check/typeshed/stubs/aiofiles",
    "/tmp/pyre-test-venv/lib/pyre_check/typeshed/stubs/chevron",
    "/tmp/pyre-test-venv/lib/pyre_check/typeshed/stubs/colorama",
    "/tmp/pyre-test-venv/lib/pyre_check/typeshed/stubs/ldap3",
    "/tmp/pyre-test-venv/lib/pyre_check/typeshed/stubs/mysqlclient",
    "/tmp/pyre-test-venv/lib/pyre_check/typeshed/stubs/paramiko",
    "/tmp/pyre-test-venv/lib/pyre_check/typeshed/stubs/psycopg2",
    "/tmp/pyre-test-venv/lib/pyre_check/typeshed/stubs/pycurl",
    "/tmp/pyre-test-venv/lib/pyre_check/typeshed/stubs/python-dateutil",
    "/tmp/pyre-test-venv/lib/pyre_check/typeshed/stubs/pytz",
    "/tmp/pyre-test-venv/lib/pyre_check/typeshed/stubs/regex",
    "/tmp/pyre-test-venv/lib/pyre_check/typeshed/stubs/requests",
    "/tmp/pyre-test-venv/lib/pyre_check/typeshed/stubs/retry",
    "/tmp/pyre-test-venv/lib/pyre_check/typeshed/stubs/tqdm",
    "/tmp/pyre-test-venv/lib/pyre_check/typeshed/stubs/ujson"
  ],
  "excludes": [],
  "checked_directory_allowlist": [
    "/home/runner/work/Millennium-Dawn-OEM/Millennium-Dawn-OEM/tools/shared_utils.py"
  ],
  "checked_directory_blocklist": [],
  "extensions": [],
  "log_path": "/home/runner/work/Millennium-Dawn-OEM/Millennium-Dawn-OEM/.pyre",
  "global_root": "/home/runner/work/Millennium-Dawn-OEM/Millennium-Dawn-OEM",
  "debug": false,
  "python_version": {
    "major": 3,
    "minor": 12,
    "micro": 3
  },
  "system_platform": "linux",
  "shared_memory": {},
  "parallel": true,
  "number_of_workers": 1,
  "additional_logging_sections": [
    "-progress"
  ],
  "show_error_traces": false,
  "strict": false
}
2026-09-08 17:52:11,232 [PID 5281] ERROR The backend check command exited with non-zero return code: 1. This likely indicates a problem with the Pyre binary at `/tmp/pyre-test-venv/bin/pyre.bin`.
2026-09-08 17:52:11,235 [PID 5281] PERFORMANCE  Initialized shared memory (heap size: 8589934592, dep table pow: 1, hash table pow: 26): 0.001s
2026-09-08 17:52:11,235 [PID 5281] PERFORMANCE  Initialized multiprocessing workers (workers: 1): 0.000s
2026-09-08 17:52:11,235 [PID 5281] ERROR  Failure inside parallel with_scheduler operation.
2026-09-08 17:52:11,235 [PID 5281] ERROR Exception: Invalid_argument("`/home/runner/work/Millennium-Dawn-OEM/Millennium-Dawn-OEM/tools/shared_utils.py` is not a directory")
2026-09-08 17:52:11,235 [PID 5281] ERROR Raised at Stdlib__List.assoc in file "list.ml", line 191, characters 10-25
2026-09-08 17:52:11,235 [PID 5281] ERROR Called from Yojson.Safe.Util.assoc in file "util.ml", line 20, characters 6-25
2026-09-08 17:52:11,236 [PID 5281] ERROR Called from Base__Sys0.getenv in file "src/sys0.ml", line 43, characters 8-29
2026-09-08 17:52:11,236 [PID 5281] ERROR Called from Base__Sys0.getenv in file "src/sys0.ml", line 43, characters 8-29
2026-09-08 17:52:11,236 [PID 5281] ERROR Called from Base__Sys0.getenv in file "src/sys0.ml", line 43, characters 8-29
2026-09-08 17:52:11,236 [PID 5281] ERROR Called from Base__Sys0.getenv in file "src/sys0.ml", line 43, characters 8-29
2026-09-08 17:52:11,236 [PID 5281] ERROR Called from Base__Sys0.getenv in file "src/sys0.ml", line 43, characters 8-29
2026-09-08 17:52:11,236 [PID 5281] ERROR Called from Base__Sys0.getenv in file "src/sys0.ml", line 43, characters 8-29
2026-09-08 17:52:11,236 [PID 5281] ERROR 
2026-09-08 17:52:11,236 [PID 5281] ERROR Backtrace:
2026-09-08 17:52:11,236 [PID 5281] ERROR Raised at Stdlib__List.assoc in file "list.ml", line 191, characters 10-25
2026-09-08 17:52:11,236 [PID 5281] ERROR Called from Yojson.Safe.Util.assoc in file "util.ml", line 20, characters 6-25
2026-09-08 17:52:11,236 [PID 5281] ERROR Called from Base__Sys0.getenv in file "src/sys0.ml", line 43, characters 8-29
2026-09-08 17:52:11,236 [PID 5281] ERROR Called from Base__Sys0.getenv in file "src/sys0.ml", line 43, characters 8-29
2026-09-08 17:52:11,236 [PID 5281] ERROR Called from Base__Sys0.getenv in file "src/sys0.ml", line 43, characters 8-29
2026-09-08 17:52:11,236 [PID 5281] ERROR Called from Base__Sys0.getenv in file "src/sys0.ml", line 43, characters 8-29
2026-09-08 17:52:11,236 [PID 5281] ERROR Called from Base__Sys0.getenv in file "src/sys0.ml", line 43, characters 8-29
2026-09-08 17:52:11,236 [PID 5281] ERROR Called from Base__Sys0.getenv in file "src/sys0.ml", line 43, characters 8-29
2026-09-08 17:52:11,236 [PID 5281] ERROR 
2026-09-08 17:52:11,236 [PID 5281] ERROR  Pyre encountered an internal exception.
2026-09-08 17:52:11,237 [PID 5281] ERROR Exception: Invalid_argument("`/home/runner/work/Millennium-Dawn-OEM/Millennium-Dawn-OEM/tools/shared_utils.py` is not a directory")
2026-09-08 17:52:11,237 [PID 5281] ERROR Raised at Stdlib__List.assoc in file "list.ml", line 191, characters 10-25
2026-09-08 17:52:11,237 [PID 5281] ERROR Called from Yojson.Safe.Util.assoc in file "util.ml", line 20, characters 6-25
2026-09-08 17:52:11,237 [PID 5281] ERROR Called from Base__Sys0.getenv in file "src/sys0.ml", line 43, characters 8-29
2026-09-08 17:52:11,237 [PID 5281] ERROR Called from Base__Sys0.getenv in file "src/sys0.ml", line 43, characters 8-29
2026-09-08 17:52:11,237 [PID 5281] ERROR Called from Base__Sys0.getenv in file "src/sys0.ml", line 43, characters 8-29
2026-09-08 17:52:11,237 [PID 5281] ERROR Called from Base__Sys0.getenv in file "src/sys0.ml", line 43, characters 8-29
2026-09-08 17:52:11,237 [PID 5281] ERROR Called from Base__Sys0.getenv in file "src/sys0.ml", line 43, characters 8-29
2026-09-08 17:52:11,237 [PID 5281] ERROR Called from Base__Sys0.getenv in file "src/sys0.ml", line 43, characters 8-29
2026-09-08 17:52:11,237 [PID 5281] ERROR 
2026-09-08 17:52:11,237 [PID 5281] ERROR Backtrace:
2026-09-08 17:52:11,237 [PID 5281] ERROR Raised at Stdlib__List.assoc in file "list.ml", line 191, characters 10-25
2026-09-08 17:52:11,237 [PID 5281] ERROR Called from Yojson.Safe.Util.assoc in file "util.ml", line 20, characters 6-25
2026-09-08 17:52:11,237 [PID 5281] ERROR Called from Base__Sys0.getenv in file "src/sys0.ml", line 43, characters 8-29
2026-09-08 17:52:11,237 [PID 5281] ERROR Called from Base__Sys0.getenv in file "src/sys0.ml", line 43, characters 8-29
2026-09-08 17:52:11,237 [PID 5281] ERROR Called from Base__Sys0.getenv in file "src/sys0.ml", line 43, characters 8-29
2026-09-08 17:52:11,237 [PID 5281] ERROR Called from Base__Sys0.getenv in file "src/sys0.ml", line 43, characters 8-29
2026-09-08 17:52:11,237 [PID 5281] ERROR Called from Base__Sys0.getenv in file "src/sys0.ml", line 43, characters 8-29
2026-09-08 17:52:11,238 [PID 5281] ERROR Called from Base__Sys0.getenv in file "src/sys0.ml", line 43, characters 8-29
2026-09-08 17:52:11,238 [PID 5281] ERROR 
